Archive member included to satisfy reference by file (symbol)

C:/ST/STM32CubeIDE_1.16.0/STM32CubeIDE/plugins/com.st.stm32cube.ide.mcu.externaltools.gnu-tools-for-stm32.12.3.rel1.win32_1.1.0.202410251130/tools/bin/../lib/gcc/arm-none-eabi/12.3.1/../../../../arm-none-eabi/lib/thumb/v7e-m+fp/hard\libc_nano.a(libc_a-exit.o)
                              C:/ST/STM32CubeIDE_1.16.0/STM32CubeIDE/plugins/com.st.stm32cube.ide.mcu.externaltools.gnu-tools-for-stm32.12.3.rel1.win32_1.1.0.202410251130/tools/bin/../lib/gcc/arm-none-eabi/12.3.1/../../../../arm-none-eabi/lib/thumb/v7e-m+fp/hard/crt0.o (exit)
C:/ST/STM32CubeIDE_1.16.0/STM32CubeIDE/plugins/com.st.stm32cube.ide.mcu.externaltools.gnu-tools-for-stm32.12.3.rel1.win32_1.1.0.202410251130/tools/bin/../lib/gcc/arm-none-eabi/12.3.1/../../../../arm-none-eabi/lib/thumb/v7e-m+fp/hard\libc_nano.a(libc_a-findfp.o)
                              C:/ST/STM32CubeIDE_1.16.0/STM32CubeIDE/plugins/com.st.stm32cube.ide.mcu.externaltools.gnu-tools-for-stm32.12.3.rel1.win32_1.1.0.202410251130/tools/bin/../lib/gcc/arm-none-eabi/12.3.1/../../../../arm-none-eabi/lib/thumb/v7e-m+fp/hard\libc_nano.a(libc_a-exit.o) (__stdio_exit_handler)
C:/ST/STM32CubeIDE_1.16.0/STM32CubeIDE/plugins/com.st.stm32cube.ide.mcu.externaltools.gnu-tools-for-stm32.12.3.rel1.win32_1.1.0.202410251130/tools/bin/../lib/gcc/arm-none-eabi/12.3.1/../../../../arm-none-eabi/lib/thumb/v7e-m+fp/hard\libc_nano.a(libc_a-fwalk.o)
                              C:/ST/STM32CubeIDE_1.16.0/STM32CubeIDE/plugins/com.st.stm32cube.ide.mcu.externaltools.gnu-tools-for-stm32.12.3.rel1.win32_1.1.0.202410251130/tools/bin/../lib/gcc/arm-none-eabi/12.3.1/../../../../arm-none-eabi/lib/thumb/v7e-m+fp/hard\libc_nano.a(libc_a-findfp.o) (_fwalk_sglue)
C:/ST/STM32CubeIDE_1.16.0/STM32CubeIDE/plugins/com.st.stm32cube.ide.mcu.externaltools.gnu-tools-for-stm32.12.3.rel1.win32_1.1.0.202410251130/tools/bin/../lib/gcc/arm-none-eabi/12.3.1/../../../../arm-none-eabi/lib/thumb/v7e-m+fp/hard\libc_nano.a(libc_a-stdio.o)
                              C:/ST/STM32CubeIDE_1.16.0/STM32CubeIDE/plugins/com.st.stm32cube.ide.mcu.externaltools.gnu-tools-for-stm32.12.3.rel1.win32_1.1.0.202410251130/tools/bin/../lib/gcc/arm-none-eabi/12.3.1/../../../../arm-none-eabi/lib/thumb/v7e-m+fp/hard\libc_nano.a(libc_a-findfp.o) (__sread)
C:/ST/STM32CubeIDE_1.16.0/STM32CubeIDE/plugins/com.st.stm32cube.ide.mcu.externaltools.gnu-tools-for-stm32.12.3.rel1.win32_1.1.0.202410251130/tools/bin/../lib/gcc/arm-none-eabi/12.3.1/../../../../arm-none-eabi/lib/thumb/v7e-m+fp/hard\libc_nano.a(libc_a-memset.o)
                              C:/ST/STM32CubeIDE_1.16.0/STM32CubeIDE/plugins/com.st.stm32cube.ide.mcu.externaltools.gnu-tools-for-stm32.12.3.rel1.win32_1.1.0.202410251130/tools/bin/../lib/gcc/arm-none-eabi/12.3.1/../../../../arm-none-eabi/lib/thumb/v7e-m+fp/hard/crt0.o (memset)
C:/ST/STM32CubeIDE_1.16.0/STM32CubeIDE/plugins/com.st.stm32cube.ide.mcu.externaltools.gnu-tools-for-stm32.12.3.rel1.win32_1.1.0.202410251130/tools/bin/../lib/gcc/arm-none-eabi/12.3.1/../../../../arm-none-eabi/lib/thumb/v7e-m+fp/hard\libc_nano.a(libc_a-closer.o)
                              C:/ST/STM32CubeIDE_1.16.0/STM32CubeIDE/plugins/com.st.stm32cube.ide.mcu.externaltools.gnu-tools-for-stm32.12.3.rel1.win32_1.1.0.202410251130/tools/bin/../lib/gcc/arm-none-eabi/12.3.1/../../../../arm-none-eabi/lib/thumb/v7e-m+fp/hard\libc_nano.a(libc_a-stdio.o) (_close_r)
C:/ST/STM32CubeIDE_1.16.0/STM32CubeIDE/plugins/com.st.stm32cube.ide.mcu.externaltools.gnu-tools-for-stm32.12.3.rel1.win32_1.1.0.202410251130/tools/bin/../lib/gcc/arm-none-eabi/12.3.1/../../../../arm-none-eabi/lib/thumb/v7e-m+fp/hard\libc_nano.a(libc_a-reent.o)
                              C:/ST/STM32CubeIDE_1.16.0/STM32CubeIDE/plugins/com.st.stm32cube.ide.mcu.externaltools.gnu-tools-for-stm32.12.3.rel1.win32_1.1.0.202410251130/tools/bin/../lib/gcc/arm-none-eabi/12.3.1/../../../../arm-none-eabi/lib/thumb/v7e-m+fp/hard\libc_nano.a(libc_a-closer.o) (errno)
C:/ST/STM32CubeIDE_1.16.0/STM32CubeIDE/plugins/com.st.stm32cube.ide.mcu.externaltools.gnu-tools-for-stm32.12.3.rel1.win32_1.1.0.202410251130/tools/bin/../lib/gcc/arm-none-eabi/12.3.1/../../../../arm-none-eabi/lib/thumb/v7e-m+fp/hard\libc_nano.a(libc_a-impure.o)
                              C:/ST/STM32CubeIDE_1.16.0/STM32CubeIDE/plugins/com.st.stm32cube.ide.mcu.externaltools.gnu-tools-for-stm32.12.3.rel1.win32_1.1.0.202410251130/tools/bin/../lib/gcc/arm-none-eabi/12.3.1/../../../../arm-none-eabi/lib/thumb/v7e-m+fp/hard\libc_nano.a(libc_a-reent.o) (_impure_ptr)
C:/ST/STM32CubeIDE_1.16.0/STM32CubeIDE/plugins/com.st.stm32cube.ide.mcu.externaltools.gnu-tools-for-stm32.12.3.rel1.win32_1.1.0.202410251130/tools/bin/../lib/gcc/arm-none-eabi/12.3.1/../../../../arm-none-eabi/lib/thumb/v7e-m+fp/hard\libc_nano.a(libc_a-lseekr.o)
[...]
Memory Configuration

Name             Origin             Length             Attributes
RAM              0x20000000         0x00030000         xrw
RAM2             0x10000000         0x00010000         xrw
RAM3             0x20040000         0x00060000         xrw
FLASH            0x08000000         0x00200000         xr
*default*        0x00000000         0xffffffff

Linker script and memory map

LOAD C:/ST/STM32CubeIDE_1.16.0/STM32CubeIDE/plugins/com.st.stm32cube.ide.mcu.externaltools.gnu-tools-for-stm32.12.3.rel1.win32_1.1.0.202410251130/tools/bin/../lib/gcc/arm-none-eabi/12.3.1/thumb/v7e-m+fp/hard/crti.o
LOAD C:/ST/STM32CubeIDE_1.16.0/STM32CubeIDE/plugins/com.st.stm32cube.ide.mcu.externaltools.gnu-tools-for-stm32.12.3.rel1.win32_1.1.0.202410251130/tools/bin/../lib/gcc/arm-none-eabi/12.3.1/thumb/v7e-m+fp/hard/crtbegin.o
LOAD C:/ST/STM32CubeIDE_1.16.0/STM32CubeIDE/plugins/com.st.stm32cube.ide.mcu.externaltools.gnu-tools-for-stm32.12.3.rel1.win32_1.1.0.202410251130/tools/bin/../lib/gcc/arm-none-eabi/12.3.1/../../../../arm-none-eabi/lib/thumb/v7e-m+fp/hard/crt0.o
LOAD ./Core/Src/main.o
LOAD ./Core/Src/stm32l4xx_hal_msp.o
LOAD ./Core/Src/stm32l4xx_it.o
LOAD ./Core/Src/syscalls.o
LOAD ./Core/Src/sysmem.o
LOAD ./Core/Src/system_stm32l4xx.o
LOAD ./Core/Startup/startup_stm32l4r5zitxp.o
LOAD ./Drivers/STM32L4xx_HAL_Driver/Src/stm32l4xx_hal.o
LOAD ./Drivers/STM32L4xx_HAL_Driver/Src/stm32l4xx_hal_cortex.o
LOAD ./Drivers/STM32L4xx_HAL_Driver/Src/stm32l4xx_hal_dma.o
LOAD ./Drivers/STM32L4xx_HAL_Driver/Src/stm32l4xx_hal_dma_ex.o
LOAD ./Drivers/STM32L4xx_HAL_Driver/Src/stm32l4xx_hal_exti.o
LOAD ./Drivers/STM32L4xx_HAL_Driver/Src/stm32l4xx_hal_flash.o
LOAD ./Drivers/STM32L4xx_HAL_Driver/Src/stm32l4xx_hal_flash_ex.o
LOAD ./Drivers/STM32L4xx_HAL_Driver/Src/stm32l4xx_hal_flash_ramfunc.o
LOAD ./Drivers/STM32L4xx_HAL_Driver/Src/stm32l4xx_hal_gpio.o
LOAD ./Drivers/STM32L4xx_HAL_Driver/Src/stm32l4xx_hal_i2c.o
LOAD ./Drivers/STM32L4xx_HAL_Driver/Src/stm32l4xx_hal_i2c_ex.o
LOAD ./Drivers/STM32L4xx_HAL_Driver/Src/stm32l4xx_hal_pwr.o
LOAD ./Drivers/STM32L4xx_HAL_Driver/Src/stm32l4xx_hal_pwr_ex.o
LOAD ./Drivers/STM32L4xx_HAL_Driver/Src/stm32l4xx_hal_rcc.o
LOAD ./Drivers/STM32L4xx_HAL_Driver/Src/stm32l4xx_hal_rcc_ex.o
LOAD ./Drivers/STM32L4xx_HAL_Driver/Src/stm32l4xx_hal_tim.o
LOAD ./Drivers/STM32L4xx_HAL_Driver/Src/stm32l4xx_hal_tim_ex.o
START GROUP
LOAD C:/ST/STM32CubeIDE_1.16.0/STM32CubeIDE/plugins/com.st.stm32cube.ide.mcu.externaltools.gnu-tools-for-stm32.12.3.rel1.win32_1.1.0.202410251130/tools/bin/../lib/gcc/arm-none-eabi/12.3.1/../../../../arm-none-eabi/lib/thumb/v7e-m+fp/hard\libc_nano.a
LOAD C:/ST/STM32CubeIDE_1.16.0/STM32CubeIDE/plugins/com.st.stm32cube.ide.mcu.externaltools.gnu-tools-for-stm32.12.3.rel1.win32_1.1.0.202410251130/tools/bin/../lib/gcc/arm-none-eabi/12.3.1/../../../../arm-none-eabi/lib/thumb/v7e-m+fp/hard\libm.a
END GROUP
START GROUP
LOAD C:/ST/STM32CubeIDE_1.16.0/STM32CubeIDE/plugins/com.st.stm32cube.ide.mcu.externaltools.gnu-tools-for-stm32.12.3.rel1.win32_1.1.0.202410251130/tools/bin/../lib/gcc/arm-none-eabi/12.3.1/thumb/v7e-m+fp/hard\libgcc.a
LOAD C:/ST/STM32CubeIDE_1.16.0/STM32CubeIDE/plugins/com.st.stm32cube.ide.mcu.externaltools.gnu-tools-for-stm32.12.3.rel1.win32_1.1.0.202410251130/tools/bin/../lib/gcc/arm-none-eabi/12.3.1/../../../../arm-none-eabi/lib/thumb/v7e-m+fp/hard\libc_nano.a
END GROUP
START GROUP
LOAD C:/ST/STM32CubeIDE_1.16.0/STM32CubeIDE/plugins/com.st.stm32cube.ide.mcu.externaltools.gnu-tools-for-stm32.12.3.rel1.win32_1.1.0.202410251130/tools/bin/../lib/gcc/arm-none-eabi/12.3.1/thumb/v7e-m+fp/hard\libgcc.a
LOAD C:/ST/STM32CubeIDE_1.16.0/STM32CubeIDE/plugins/com.st.stm32cube.ide.mcu.externaltools.gnu-tools-for-stm32.12.3.rel1.win32_1.1.0.202410251130/tools/bin/../lib/gcc/arm-none-eabi/12.3.1/../../../../arm-none-eabi/lib/thumb/v7e-m+fp/hard\libc_nano.a
LOAD C:/ST/STM32CubeIDE_1.16.0/STM32CubeIDE/plugins/com.st.stm32cube.ide.mcu.externaltools.gnu-tools-for-stm32.12.3.rel1.win32_1.1.0.202410251130/tools/bin/../lib/gcc/arm-none-eabi/12.3.1/../../../../arm-none-eabi/lib/thumb/v7e-m+fp/hard\libnosys.a
END GROUP
START GROUP
LOAD C:/ST/STM32CubeIDE_1.16.0/STM32CubeIDE/plugins/com.st.stm32cube.ide.mcu.externaltools.gnu-tools-for-stm32.12.3.rel1.win32_1.1.0.202410251130/tools/bin/../lib/gcc/arm-none-eabi/12.3.1/thumb/v7e-m+fp/hard\libgcc.a
LOAD C:/ST/STM32CubeIDE_1.16.0/STM32CubeIDE/plugins/com.st.stm32cube.ide.mcu.externaltools.gnu-tools-for-stm32.12.3.rel1.win32_1.1.0.202410251130/tools/bin/../lib/gcc/arm-none-eabi/12.3.1/../../../../arm-none-eabi/lib/thumb/v7e-m+fp/hard\libc_nano.a
LOAD C:/ST/STM32CubeIDE_1.16.0/STM32CubeIDE/plugins/com.st.stm32cube.ide.mcu.externaltools.gnu-tools-for-stm32.12.3.rel1.win32_1.1.0.202410251130/tools/bin/../lib/gcc/arm-none-eabi/12.3.1/../../../../arm-none-eabi/lib/thumb/v7e-m+fp/hard\libnosys.a
END GROUP
LOAD C:/ST/STM32CubeIDE_1.16.0/STM32CubeIDE/plugins/com.st.stm32cube.ide.mcu.externaltools.gnu-tools-for-stm32.12.3.rel1.win32_1.1.0.202410251130/tools/bin/../lib/gcc/arm-none-eabi/12.3.1/thumb/v7e-m+fp/hard/crtend.o
LOAD C:/ST/STM32CubeIDE_1.16.0/STM32CubeIDE/plugins/com.st.stm32cube.ide.mcu.externaltools.gnu-tools-for-stm32.12.3.rel1.win32_1.1.0.202410251130/tools/bin/../lib/gcc/arm-none-eabi/12.3.1/thumb/v7e-m+fp/hard/crtn.o
                0x200a0000                        _estack = (ORIGIN (RAM3) + LENGTH (RAM3))
                0x00000200                        _Min_Heap_Size = 0x200
                0x00000400                        _Min_Stack_Size = 0x400

.isr_vector     0x08000000      0x1bc
                0x08000000                        . = ALIGN (0x4)
 *(.isr_vector)
 .isr_vector    0x08000000      0x1bc ./Core/Startup/startup_stm32l4r5zitxp.o
                0x08000000                g_pfnVectors
                0x080001bc                        . = ALIGN (0x4)

.text           0x080001bc     0x27d8
                0x080001bc                        . = ALIGN (0x4)
 *(.text)
 .text          0x080001bc       0x40 C:/ST/STM32CubeIDE_1.16.0/STM32CubeIDE/plugins/com.st.stm32cube.ide.mcu.externaltools.gnu-tools-for-stm32.12.3.rel1.win32_1.1.0.202410251130/tools/bin/../lib/gcc/arm-none-eabi/12.3.1/thumb/v7e-m+fp/hard/crtbegin.o
 *(.text*)
 .text.delay    0x080001fc       0x34 ./Core/Src/main.o
                0x080001fc                delay
 .text.rpm2Delay
                0x08000230       0x24 ./Core/Src/main.o
                0x08000230                rpm2Delay
 .text.offsetAngle
                0x08000254       0x88 ./Core/Src/main.o
                0x08000254                offsetAngle
 .text.main     0x080002dc       0xdc ./Core/Src/main.o
                0x080002dc                main
 .text.SystemClock_Config
                0x080003b8       0x8c ./Core/Src/main.o
                0x080003b8                SystemClock_Config
 .text.MX_TIM4_Init
                0x08000444       0x9c ./Core/Src/main.o
 .text.MX_GPIO_Init
                0x080004e0      0x4b4 ./Core/Src/main.o
 .text.Error_Handler
                0x08000994        0xc ./Core/Src/main.o
                0x08000994                Error_Handler
 .text.HAL_MspInit
                0x080009a0       0x48 ./Core/Src/stm32l4xx_hal_msp.o
                0x080009a0                HAL_MspInit
 .text.HAL_TIM_Base_MspInit
                0x080009e8      0x100 ./Core/Src/stm32l4xx_hal_msp.o
                0x080009e8                HAL_TIM_Base_MspInit
 .text.NMI_Handler
                0x08000ae8        0x8 ./Core/Src/stm32l4xx_it.o
                0x08000ae8                NMI_Handler
 .text.HardFault_Handler
                0x08000af0        0x8 ./Core/Src/stm32l4xx_it.o
                0x08000af0                HardFault_Handler
 .text.MemManage_Handler
                0x08000af8        0x8 ./Core/Src/stm32l4xx_it.o
                0x08000af8                MemManage_Handler
 .text.BusFault_Handler
                0x08000b00        0x8 ./Core/Src/stm32l4xx_it.o
                0x08000b00                BusFault_Handler
 .text.UsageFault_Handler
                0x08000b08        0x8 ./Core/Src/stm32l4xx_it.o
                0x08000b08                UsageFault_Handler
 .text.SVC_Handler
                0x08000b10        0xe ./Core/Src/stm32l4xx_it.o
                0x08000b10                SVC_Handler
 .text.DebugMon_Handler
                0x08000b1e        0xe ./Core/Src/stm32l4xx_it.o
                0x08000b1e                DebugMon_Handler
 .text.PendSV_Handler
                0x08000b2c        0xe ./Core/Src/stm32l4xx_it.o
                0x08000b2c                PendSV_Handler
 .text.SysTick_Handler
                0x08000b3a        0xc ./Core/Src/stm32l4xx_it.o
                0x08000b3a                SysTick_Handler
 *fill*         0x08000b46        0x2 
 .text.SystemInit
                0x08000b48       0x24 ./Core/Src/system_stm32l4xx.o
                0x08000b48                SystemInit
 .text.Reset_Handler
                0x08000b6c       0x50 ./Core/Startup/startup_stm32l4r5zitxp.o
                0x08000b6c                Reset_Handler
 .text.Default_Handler
                0x08000bbc        0x2 ./Core/Startup/startup_stm32l4r5zitxp.o
                0x08000bbc                RTC_Alarm_IRQHandler
                0x08000bbc                EXTI2_IRQHandler
                0x08000bbc                TIM8_TRG_COM_IRQHandler
                0x08000bbc                TIM8_CC_IRQHandler
                0x08000bbc                TIM1_CC_IRQHandler
                0x08000bbc                TSC_IRQHandler
                0x08000bbc                TAMP_STAMP_IRQHandler
                0x08000bbc                EXTI3_IRQHandler
                0x08000bbc                LPTIM2_IRQHandler
                0x08000bbc                DFSDM1_FLT1_IRQHandler
                0x08000bbc                GFXMMU_IRQHandler
                0x08000bbc                I2C3_ER_IRQHandler
                0x08000bbc                DFSDM1_FLT2_IRQHandler
                0x08000bbc                EXTI0_IRQHandler
                0x08000bbc                I2C2_EV_IRQHandler
                0x08000bbc                CAN1_RX0_IRQHandler
                0x08000bbc                FPU_IRQHandler
                0x08000bbc                TIM1_UP_TIM16_IRQHandler
                0x08000bbc                LTDC_ER_IRQHandler
                0x08000bbc                SPI1_IRQHandler
                0x08000bbc                OCTOSPI1_IRQHandler
                0x08000bbc                TIM6_DAC_IRQHandler
                0x08000bbc                DCMI_IRQHandler
                0x08000bbc                TIM8_UP_IRQHandler
                0x08000bbc                OCTOSPI2_IRQHandler
                0x08000bbc                DMA2_Channel2_IRQHandler
                0x08000bbc                DMA1_Channel4_IRQHandler
                0x08000bbc                SAI2_IRQHandler
                0x08000bbc                ADC1_IRQHandler
                0x08000bbc                DFSDM1_FLT3_IRQHandler
                0x08000bbc                USART3_IRQHandler
                0x08000bbc                DMA1_Channel7_IRQHandler
                0x08000bbc                CAN1_RX1_IRQHandler
                0x08000bbc                UART5_IRQHandler
                0x08000bbc                TIM4_IRQHandler
                0x08000bbc                DMA2_Channel1_IRQHandler
                0x08000bbc                I2C1_EV_IRQHandler
                0x08000bbc                DMAMUX1_OVR_IRQHandler
                0x08000bbc                DMA1_Channel6_IRQHandler
                0x08000bbc                UART4_IRQHandler
                0x08000bbc                DMA2_Channel4_IRQHandler
                0x08000bbc                TIM3_IRQHandler
                0x08000bbc                RCC_IRQHandler
                0x08000bbc                DMA1_Channel1_IRQHandler
                0x08000bbc                Default_Handler
                0x08000bbc                DMA2_Channel7_IRQHandler
                0x08000bbc                EXTI15_10_IRQHandler
                0x08000bbc                TIM7_IRQHandler
                0x08000bbc                SDMMC1_IRQHandler
                0x08000bbc                TIM5_IRQHandler
                0x08000bbc                I2C3_EV_IRQHandler
                0x08000bbc                EXTI9_5_IRQHandler
                0x08000bbc                RTC_WKUP_IRQHandler
                0x08000bbc                LTDC_IRQHandler
                0x08000bbc                PVD_PVM_IRQHandler
                0x08000bbc                SPI2_IRQHandler
                0x08000bbc                CAN1_TX_IRQHandler
                0x08000bbc                DMA2_Channel5_IRQHandler
                0x08000bbc                CRS_IRQHandler
                0x08000bbc                DMA1_Channel5_IRQHandler
                0x08000bbc                EXTI4_IRQHandler
                0x08000bbc                RNG_IRQHandler
                0x08000bbc                TIM1_TRG_COM_TIM17_IRQHandler
                0x08000bbc                DMA1_Channel3_IRQHandler
                0x08000bbc                COMP_IRQHandler
                0x08000bbc                WWDG_IRQHandler
                0x08000bbc                I2C4_EV_IRQHandler
                0x08000bbc                LPUART1_IRQHandler
                0x08000bbc                DMA2_Channel6_IRQHandler
                0x08000bbc                TIM2_IRQHandler
                0x08000bbc                DMA2D_IRQHandler
                0x08000bbc                EXTI1_IRQHandler
                0x08000bbc                USART2_IRQHandler
                0x08000bbc                DFSDM1_FLT0_IRQHandler
                0x08000bbc                I2C2_ER_IRQHandler
                0x08000bbc                DMA1_Channel2_IRQHandler
                0x08000bbc                TIM8_BRK_IRQHandler
                0x08000bbc                CAN1_SCE_IRQHandler
                0x08000bbc                FLASH_IRQHandler
                0x08000bbc                USART1_IRQHandler
                0x08000bbc                OTG_FS_IRQHandler
                0x08000bbc                SPI3_IRQHandler
                0x08000bbc                I2C1_ER_IRQHandler
                0x08000bbc                FMC_IRQHandler
                0x08000bbc                LPTIM1_IRQHandler
                0x08000bbc                I2C4_ER_IRQHandler
                0x08000bbc                SAI1_IRQHandler
                0x08000bbc                DMA2_Channel3_IRQHandler
                0x08000bbc                TIM1_BRK_TIM15_IRQHandler
 .text.HAL_Init
                0x08000bbe       0x30 ./Drivers/STM32L4xx_HAL_Driver/Src/stm32l4xx_hal.o
                0x08000bbe                HAL_Init
 *fill*         0x08000bee        0x2 
 .text.HAL_InitTick
                0x08000bf0       0x78 ./Drivers/STM32L4xx_HAL_Driver/Src/stm32l4xx_hal.o
                0x08000bf0                HAL_InitTick
 .text.HAL_IncTick
                0x08000c68       0x28 ./Drivers/STM32L4xx_HAL_Driver/Src/stm32l4xx_hal.o
                0x08000c68                HAL_IncTick
 .text.HAL_GetTick
                0x08000c90       0x18 ./Drivers/STM32L4xx_HAL_Driver/Src/stm32l4xx_hal.o
                0x08000c90                HAL_GetTick
 .text.HAL_Delay
                0x08000ca8       0x48 ./Drivers/STM32L4xx_HAL_Driver/Src/stm32l4xx_hal.o
                0x08000ca8                HAL_Delay
 .text.__NVIC_SetPriorityGrouping
                0x08000cf0       0x48 ./Drivers/STM32L4xx_HAL_Driver/Src/stm32l4xx_hal_cortex.o
 .text.__NVIC_GetPriorityGrouping
                0x08000d38       0x1c ./Drivers/STM32L4xx_HAL_Driver/Src/stm32l4xx_hal_cortex.o
 .text.__NVIC_SetPriority
                0x08000d54       0x54 ./Drivers/STM32L4xx_HAL_Driver/Src/stm32l4xx_hal_cortex.o
 .text.NVIC_EncodePriority
                0x08000da8       0x66 ./Drivers/STM32L4xx_HAL_Driver/Src/stm32l4xx_hal_cortex.o
 *fill*         0x08000e0e        0x2 
 .text.SysTick_Config
                0x08000e10       0x44 ./Drivers/STM32L4xx_HAL_Driver/Src/stm32l4xx_hal_cortex.o
 .text.HAL_NVIC_SetPriorityGrouping
                0x08000e54       0x16 ./Drivers/STM32L4xx_HAL_Driver/Src/stm32l4xx_hal_cortex.o
                0x08000e54                HAL_NVIC_SetPriorityGrouping
 .text.HAL_NVIC_SetPriority
                0x08000e6a       0x38 ./Drivers/STM32L4xx_HAL_Driver/Src/stm32l4xx_hal_cortex.o
                0x08000e6a                HAL_NVIC_SetPriority
 .text.HAL_SYSTICK_Config
                0x08000ea2       0x18 ./Drivers/STM32L4xx_HAL_Driver/Src/stm32l4xx_hal_cortex.o
                0x08000ea2                HAL_SYSTICK_Config
 *fill*         0x08000eba        0x2 
 .text.HAL_GPIO_Init
                0x08000ebc      0x324 ./Drivers/STM32L4xx_HAL_Driver/Src/stm32l4xx_hal_gpio.o
                0x08000ebc                HAL_GPIO_Init
 .text.HAL_GPIO_WritePin
                0x080011e0       0x30 ./Drivers/STM32L4xx_HAL_Driver/Src/stm32l4xx_hal_gpio.o
                0x080011e0                HAL_GPIO_WritePin
 .text.HAL_PWREx_GetVoltageRange
                0x08001210       0x40 ./Drivers/STM32L4xx_HAL_Driver/Src/stm32l4xx_hal_pwr_ex.o
                0x08001210                HAL_PWREx_GetVoltageRange
 .text.HAL_PWREx_ControlVoltageScaling
                0x08001250      0x148 ./Drivers/STM32L4xx_HAL_Driver/Src/stm32l4xx_hal_pwr_ex.o
                0x08001250                HAL_PWREx_ControlVoltageScaling
 .text.HAL_PWREx_EnableVddIO2
                0x08001398       0x20 ./Drivers/STM32L4xx_HAL_Driver/Src/stm32l4xx_hal_pwr_ex.o
                0x08001398                HAL_PWREx_EnableVddIO2
 .text.HAL_RCC_OscConfig
                0x080013b8      0x834 ./Drivers/STM32L4xx_HAL_Driver/Src/stm32l4xx_hal_rcc.o
                0x080013b8                HAL_RCC_OscConfig
 .text.HAL_RCC_ClockConfig
                0x08001bec      0x274 ./Drivers/STM32L4xx_HAL_Driver/Src/stm32l4xx_hal_rcc.o
                0x08001bec                HAL_RCC_ClockConfig
 .text.HAL_RCC_GetSysClockFreq
                0x08001e60      0x118 ./Drivers/STM32L4xx_HAL_Driver/Src/stm32l4xx_hal_rcc.o
                0x08001e60                HAL_RCC_GetSysClockFreq
 .text.RCC_SetFlashLatencyFromMSIRange
                0x08001f78       0xb4 ./Drivers/STM32L4xx_HAL_Driver/Src/stm32l4xx_hal_rcc.o
 .text.RCC_GetSysClockFreqFromPLLSource
                0x0800202c       0xcc ./Drivers/STM32L4xx_HAL_Driver/Src/stm32l4xx_hal_rcc.o
 .text.HAL_TIM_Base_Init
                0x080020f8       0xae ./Drivers/STM32L4xx_HAL_Driver/Src/stm32l4xx_hal_tim.o
                0x080020f8                HAL_TIM_Base_Init
 *fill*         0x080021a6        0x2 
 .text.HAL_TIM_PWM_Start
                0x080021a8      0x20c ./Drivers/STM32L4xx_HAL_Driver/Src/stm32l4xx_hal_tim.o
                0x080021a8                HAL_TIM_PWM_Start
 .text.HAL_TIM_ConfigClockSource
                0x080023b4      0x192 ./Drivers/STM32L4xx_HAL_Driver/Src/stm32l4xx_hal_tim.o
                0x080023b4                HAL_TIM_ConfigClockSource
 *fill*         0x08002546        0x2 
 .text.TIM_Base_SetConfig
                0x08002548      0x14c ./Drivers/STM32L4xx_HAL_Driver/Src/stm32l4xx_hal_tim.o
                0x08002548                TIM_Base_SetConfig
 .text.TIM_TI1_ConfigInputStage
                0x08002694       0x5e ./Drivers/STM32L4xx_HAL_Driver/Src/stm32l4xx_hal_tim.o
 .text.TIM_TI2_ConfigInputStage
                0x080026f2       0x60 ./Drivers/STM32L4xx_HAL_Driver/Src/stm32l4xx_hal_tim.o
 .text.TIM_ITRx_SetConfig
                0x08002752       0x36 ./Drivers/STM32L4xx_HAL_Driver/Src/stm32l4xx_hal_tim.o
 .text.TIM_ETR_SetConfig
                0x08002788       0x40 ./Drivers/STM32L4xx_HAL_Driver/Src/stm32l4xx_hal_tim.o
                0x08002788                TIM_ETR_SetConfig
 .text.TIM_CCxChannelCmd
                0x080027c8       0x4a ./Drivers/STM32L4xx_HAL_Driver/Src/stm32l4xx_hal_tim.o
                0x080027c8                TIM_CCxChannelCmd
 *fill*         0x08002812        0x2 
 .text.HAL_TIMEx_MasterConfigSynchronization
                0x08002814      0x110 ./Drivers/STM32L4xx_HAL_Driver/Src/stm32l4xx_hal_tim_ex.o
                0x08002814                HAL_TIMEx_MasterConfigSynchronization
 .text.memset   0x08002924       0x10 C:/ST/STM32CubeIDE_1.16.0/STM32CubeIDE/plugins/com.st.stm32cube.ide.mcu.externaltools.gnu-tools-for-stm32.12.3.rel1.win32_1.1.0.202410251130/tools/bin/../lib/gcc/arm-none-eabi/12.3.1/../../../../arm-none-eabi/lib/thumb/v7e-m+fp/hard\libc_nano.a(libc_a-memset.o)
                0x08002924                memset
 .text.__libc_init_array
                0x08002934       0x48 C:/ST/STM32CubeIDE_1.16.0/STM32CubeIDE/plugins/com.st.stm32cube.ide.mcu.externaltools.gnu-tools-for-stm32.12.3.rel1.win32_1.1.0.202410251130/tools/bin/../lib/gcc/arm-none-eabi/12.3.1/../../../../arm-none-eabi/lib/thumb/v7e-m+fp/hard\libc_nano.a(libc_a-init.o)
                0x08002934                __libc_init_array
 *(.glue_7)
 .glue_7        0x0800297c        0x0 linker stubs
 *(.glue_7t)
 .glue_7t       0x0800297c        0x0 linker stubs
 *(.eh_frame)
 .eh_frame      0x0800297c        0x0 C:/ST/STM32CubeIDE_1.16.0/STM32CubeIDE/plugins/com.st.stm32cube.ide.mcu.externaltools.gnu-tools-for-stm32.12.3.rel1.win32_1.1.0.202410251130/tools/bin/../lib/gcc/arm-none-eabi/12.3.1/thumb/v7e-m+fp/hard/crtbegin.o
 *(.init)
 .init          0x0800297c        0x4 C:/ST/STM32CubeIDE_1.16.0/STM32CubeIDE/plugins/com.st.stm32cube.ide.mcu.externaltools.gnu-tools-for-stm32.12.3.rel1.win32_1.1.0.202410251130/tools/bin/../lib/gcc/arm-none-eabi/12.3.1/thumb/v7e-m+fp/hard/crti.o
                0x0800297c                _init
 .init          0x08002980        0x8 C:/ST/STM32CubeIDE_1.16.0/STM32CubeIDE/plugins/com.st.stm32cube.ide.mcu.externaltools.gnu-tools-for-stm32.12.3.rel1.win32_1.1.0.202410251130/tools/bin/../lib/gcc/arm-none-eabi/12.3.1/thumb/v7e-m+fp/hard/crtn.o
 *(.fini)
 .fini          0x08002988        0x4 C:/ST/STM32CubeIDE_1.16.0/STM32CubeIDE/plugins/com.st.stm32cube.ide.mcu.externaltools.gnu-tools-for-stm32.12.3.rel1.win32_1.1.0.202410251130/tools/bin/../lib/gcc/arm-none-eabi/12.3.1/thumb/v7e-m+fp/hard/crti.o
                0x08002988                _fini
 .fini          0x0800298c        0x8 C:/ST/STM32CubeIDE_1.16.0/STM32CubeIDE/plugins/com.st.stm32cube.ide.mcu.externaltools.gnu-tools-for-stm32.12.3.rel1.win32_1.1.0.202410251130/tools/bin/../lib/gcc/arm-none-eabi/12.3.1/thumb/v7e-m+fp/hard/crtn.o
                0x08002994                        . = ALIGN (0x4)
                0x08002994                        _etext = .

.vfp11_veneer   0x08002994        0x0
 .vfp11_veneer  0x08002994        0x0 linker stubs

.v4_bx          0x08002994        0x0
 .v4_bx         0x08002994        0x0 linker stubs

.iplt           0x08002994        0x0
 .iplt          0x08002994        0x0 C:/ST/STM32CubeIDE_1.16.0/STM32CubeIDE/plugins/com.st.stm32cube.ide.mcu.externaltools.gnu-tools-for-stm32.12.3.rel1.win32_1.1.0.202410251130/tools/bin/../lib/gcc/arm-none-eabi/12.3.1/thumb/v7e-m+fp/hard/crtbegin.o

.rodata         0x08002994       0x40
                0x08002994                        . = ALIGN (0x4)
 *(.rodata)
 *(.rodata*)
 .rodata.AHBPrescTable
                0x08002994       0x10 ./Core/Src/system_stm32l4xx.o
                0x08002994                AHBPrescTable
 .rodata.MSIRangeTable
                0x080029a4       0x30 ./Core/Src/system_stm32l4xx.o
                0x080029a4                MSIRangeTable
                0x080029d4                        . = ALIGN (0x4)

.ARM.extab      0x080029d4        0x0
                0x080029d4                        . = ALIGN (0x4)
 *(.ARM.extab* .gnu.linkonce.armextab.*)
                0x080029d4                        . = ALIGN (0x4)

.ARM            0x080029d4        0x0
                0x080029d4                        . = ALIGN (0x4)
                0x080029d4                        __exidx_start = .
 *(.ARM.exidx*)
                0x080029d4                        __exidx_end = .
                0x080029d4                        . = ALIGN (0x4)

.preinit_array  0x080029d4        0x0
                0x080029d4                        . = ALIGN (0x4)
                0x080029d4                        PROVIDE (__preinit_array_start = .)
 *(.preinit_array*)
                0x080029d4                        PROVIDE (__preinit_array_end = .)
                0x080029d4                        . = ALIGN (0x4)

.init_array     0x080029d4        0x4
                0x080029d4                        . = ALIGN (0x4)
                0x080029d4                        PROVIDE (__init_array_start = .)
 *(SORT_BY_NAME(.init_array.*))
 *(.init_array*)
 .init_array    0x080029d4        0x4 C:/ST/STM32CubeIDE_1.16.0/STM32CubeIDE/plugins/com.st.stm32cube.ide.mcu.externaltools.gnu-tools-for-stm32.12.3.rel1.win32_1.1.0.202410251130/tools/bin/../lib/gcc/arm-none-eabi/12.3.1/thumb/v7e-m+fp/hard/crtbegin.o
                0x080029d8                        PROVIDE (__init_array_end = .)
                0x080029d8                        . = ALIGN (0x4)

.fini_array     0x080029d8        0x4
                0x080029d8                        . = ALIGN (0x4)
                [!provide]                        PROVIDE (__fini_array_start = .)
 *(SORT_BY_NAME(.fini_array.*))
 *(.fini_array*)
 .fini_array    0x080029d8        0x4 C:/ST/STM32CubeIDE_1.16.0/STM32CubeIDE/plugins/com.st.stm32cube.ide.mcu.externaltools.gnu-tools-for-stm32.12.3.rel1.win32_1.1.0.202410251130/tools/bin/../lib/gcc/arm-none-eabi/12.3.1/thumb/v7e-m+fp/hard/crtbegin.o
                [!provide]                        PROVIDE (__fini_array_end = .)
                0x080029dc                        . = ALIGN (0x4)
                0x080029dc                        _sidata = LOADADDR (.data)

.rel.dyn        0x080029dc        0x0
 .rel.iplt      0x080029dc        0x0 C:/ST/STM32CubeIDE_1.16.0/STM32CubeIDE/plugins/com.st.stm32cube.ide.mcu.externaltools.gnu-tools-for-stm32.12.3.rel1.win32_1.1.0.202410251130/tools/bin/../lib/gcc/arm-none-eabi/12.3.1/thumb/v7e-m+fp/hard/crtbegin.o

.data           0x20040000        0xc load address 0x080029dc
                0x20040000                        . = ALIGN (0x4)
                0x20040000                        _sdata = .
 *(.data)
 *(.data*)
 .data.SystemCoreClock
                0x20040000        0x4 ./Core/Src/system_stm32l4xx.o
                0x20040000                SystemCoreClock
 .data.uwTickPrio
                0x20040004        0x4 ./Drivers/STM32L4xx_HAL_Driver/Src/stm32l4xx_hal.o
                0x20040004                uwTickPrio
 .data.uwTickFreq
                0x20040008        0x1 ./Drivers/STM32L4xx_HAL_Driver/Src/stm32l4xx_hal.o
                0x20040008                uwTickFreq
 *(.RamFunc)
 *(.RamFunc*)
                0x2004000c                        . = ALIGN (0x4)
 *fill*         0x20040009        0x3 
                0x2004000c                        _edata = .

.igot.plt       0x2004000c        0x0 load address 0x080029e8
 .igot.plt      0x2004000c        0x0 C:/ST/STM32CubeIDE_1.16.0/STM32CubeIDE/plugins/com.st.stm32cube.ide.mcu.externaltools.gnu-tools-for-stm32.12.3.rel1.win32_1.1.0.202410251130/tools/bin/../lib/gcc/arm-none-eabi/12.3.1/thumb/v7e-m+fp/hard/crtbegin.o
                0x2004000c                        . = ALIGN (0x4)

.bss            0x2004000c       0x6c load address 0x080029e8
                0x2004000c                        _sbss = .
                0x2004000c                        __bss_start__ = _sbss
 *(.bss)
 .bss           0x2004000c       0x1c C:/ST/STM32CubeIDE_1.16.0/STM32CubeIDE/plugins/com.st.stm32cube.ide.mcu.externaltools.gnu-tools-for-stm32.12.3.rel1.win32_1.1.0.202410251130/tools/bin/../lib/gcc/arm-none-eabi/12.3.1/thumb/v7e-m+fp/hard/crtbegin.o
 *(.bss*)
 .bss.htim4     0x20040028       0x4c ./Core/Src/main.o
                0x20040028                htim4
 .bss.uwTick    0x20040074        0x4 ./Drivers/STM32L4xx_HAL_Driver/Src/stm32l4xx_hal.o
                0x20040074                uwTick
 *(COMMON)
                0x20040078                        . = ALIGN (0x4)
                0x20040078                        _ebss = .
                0x20040078                        __bss_end__ = _ebss

._user_heap_stack
                0x20040078      0x600 load address 0x080029e8
                0x20040078                        . = ALIGN (0x8)
                [!provide]                        PROVIDE (end = .)
                0x20040078                        PROVIDE (_end = .)
                0x20040278                        . = (. + _Min_Heap_Size)
 *fill*         0x20040078      0x200 
                0x20040678                        . = (. + _Min_Stack_Size)
 *fill*         0x20040278      0x400 
                0x20040678                        . = ALIGN (0x8)

/DISCARD/
 libc.a(*)
 libm.a(*)
 libgcc.a(*)

.ARM.attributes
                0x00000000       0x30
 *(.ARM.attributes)
 .ARM.attributes
                0x00000000       0x22 C:/ST/STM32CubeIDE_1.16.0/STM32CubeIDE/plugins/com.st.stm32cube.ide.mcu.externaltools.gnu-tools-for-stm32.12.3.rel1.win32_1.1.0.202410251130/tools/bin/../lib/gcc/arm-none-eabi/12.3.1/thumb/v7e-m+fp/hard/crti.o
 .ARM.attributes
                0x00000022       0x34 C:/ST/STM32CubeIDE_1.16.0/STM32CubeIDE/plugins/com.st.stm32cube.ide.mcu.externaltools.gnu-tools-for-stm32.12.3.rel1.win32_1.1.0.202410251130/tools/bin/../lib/gcc/arm-none-eabi/12.3.1/thumb/v7e-m+fp/hard/crtbegin.o
 .ARM.attributes
                0x00000056       0x34 ./Core/Src/main.o
 .ARM.attributes
                0x0000008a       0x34 ./Core/Src/stm32l4xx_hal_msp.o
 .ARM.attributes
                0x000000be       0x34 ./Core/Src/stm32l4xx_it.o
 .ARM.attributes
                0x000000f2       0x34 ./Core/Src/system_stm32l4xx.o
 .ARM.attributes
                0x00000126       0x21 ./Core/Startup/startup_stm32l4r5zitxp.o
 .ARM.attributes
                0x00000147       0x34 ./Drivers/STM32L4xx_HAL_Driver/Src/stm32l4xx_hal.o
 .ARM.attributes
                0x0000017b       0x34 ./Drivers/STM32L4xx_HAL_Driver/Src/stm32l4xx_hal_cortex.o
 .ARM.attributes
                0x000001af       0x34 ./Drivers/STM32L4xx_HAL_Driver/Src/stm32l4xx_hal_gpio.o
 .ARM.attributes
                0x000001e3       0x34 ./Drivers/STM32L4xx_HAL_Driver/Src/stm32l4xx_hal_pwr_ex.o
 .ARM.attributes
                0x00000217       0x34 ./Drivers/STM32L4xx_HAL_Driver/Src/stm32l4xx_hal_rcc.o
 .ARM.attributes
                0x0000024b       0x34 ./Drivers/STM32L4xx_HAL_Driver/Src/stm32l4xx_hal_tim.o
 .ARM.attributes
                0x0000027f       0x34 ./Drivers/STM32L4xx_HAL_Driver/Src/stm32l4xx_hal_tim_ex.o
 .ARM.attributes
                0x000002b3       0x34 C:/ST/STM32CubeIDE_1.16.0/STM32CubeIDE/plugins/com.st.stm32cube.ide.mcu.externaltools.gnu-tools-for-stm32.12.3.rel1.win32_1.1.0.202410251130/tools/bin/../lib/gcc/arm-none-eabi/12.3.1/../../../../arm-none-eabi/lib/thumb/v7e-m+fp/hard\libc_nano.a(libc_a-memset.o)
 .ARM.attributes
                0x000002e7       0x34 C:/ST/STM32CubeIDE_1.16.0/STM32CubeIDE/plugins/com.st.stm32cube.ide.mcu.externaltools.gnu-tools-for-stm32.12.3.rel1.win32_1.1.0.202410251130/tools/bin/../lib/gcc/arm-none-eabi/12.3.1/../../../../arm-none-eabi/lib/thumb/v7e-m+fp/hard\libc_nano.a(libc_a-init.o)
 .ARM.attributes
                0x0000031b       0x22 C:/ST/STM32CubeIDE_1.16.0/STM32CubeIDE/plugins/com.st.stm32cube.ide.mcu.externaltools.gnu-tools-for-stm32.12.3.rel1.win32_1.1.0.202410251130/tools/bin/../lib/gcc/arm-none-eabi/12.3.1/thumb/v7e-m+fp/hard/crtn.o
OUTPUT(stepperTest.elf elf32-littlearm)
LOAD linker stubs
LOAD C:/ST/STM32CubeIDE_1.16.0/STM32CubeIDE/plugins/com.st.stm32cube.ide.mcu.externaltools.gnu-tools-for-stm32.12.3.rel1.win32_1.1.0.202410251130/tools/bin/../lib/gcc/arm-none-eabi/12.3.1/../../../../arm-none-eabi/lib/thumb/v7e-m+fp/hard\libc.a
LOAD C:/ST/STM32CubeIDE_1.16.0/STM32CubeIDE/plugins/com.st.stm32cube.ide.mcu.externaltools.gnu-tools-for-stm32.12.3.rel1.win32_1.1.0.202410251130/tools/bin/../lib/gcc/arm-none-eabi/12.3.1/../../../../arm-none-eabi/lib/thumb/v7e-m+fp/hard\libm.a
LOAD C:/ST/STM32CubeIDE_1.16.0/STM32CubeIDE/plugins/com.st.stm32cube.ide.mcu.externaltools.gnu-tools-for-stm32.12.3.rel1.win32_1.1.0.202410251130/tools/bin/../lib/gcc/arm-none-eabi/12.3.1/thumb/v7e-m+fp/hard\libgcc.a

.debug_info     0x00000000     0x9fe1
 .debug_info    0x00000000     0x1151 ./Core/Src/main.o
 .debug_info    0x00001151      0xc3b ./Core/Src/stm32l4xx_hal_msp.o
 .debug_info    0x00001d8c      0x113 ./Core/Src/stm32l4xx_it.o
 .debug_info    0x00001e9f      0x5e9 ./Core/Src/system_stm32l4xx.o
 .debug_info    0x00002488       0x30 ./Core/Startup/startup_stm32l4r5zitxp.o
 .debug_info    0x000024b8      0xb49 ./Drivers/STM32L4xx_HAL_Driver/Src/stm32l4xx_hal.o
 .debug_info    0x00003001      0xd99 ./Drivers/STM32L4xx_HAL_Driver/Src/stm32l4xx_hal_cortex.o
 .debug_info    0x00003d9a      0x787 ./Drivers/STM32L4xx_HAL_Driver/Src/stm32l4xx_hal_gpio.o
 .debug_info    0x00004521      0xa0a ./Drivers/STM32L4xx_HAL_Driver/Src/stm32l4xx_hal_pwr_ex.o
 .debug_info    0x00004f2b      0xd32 ./Drivers/STM32L4xx_HAL_Driver/Src/stm32l4xx_hal_rcc.o
 .debug_info    0x00005c5d     0x2bc0 ./Drivers/STM32L4xx_HAL_Driver/Src/stm32l4xx_hal_tim.o
 .debug_info    0x0000881d     0x17c4 ./Drivers/STM32L4xx_HAL_Driver/Src/stm32l4xx_hal_tim_ex.o

.debug_abbrev   0x00000000     0x1740
 .debug_abbrev  0x00000000      0x2ba ./Core/Src/main.o
 .debug_abbrev  0x000002ba      0x1b6 ./Core/Src/stm32l4xx_hal_msp.o
 .debug_abbrev  0x00000470       0x73 ./Core/Src/stm32l4xx_it.o
 .debug_abbrev  0x000004e3      0x11a ./Core/Src/system_stm32l4xx.o
 .debug_abbrev  0x000005fd       0x24 ./Core/Startup/startup_stm32l4r5zitxp.o
 .debug_abbrev  0x00000621      0x242 ./Drivers/STM32L4xx_HAL_Driver/Src/stm32l4xx_hal.o
 .debug_abbrev  0x00000863      0x31c ./Drivers/STM32L4xx_HAL_Driver/Src/stm32l4xx_hal_cortex.o
 .debug_abbrev  0x00000b7f      0x1cb ./Drivers/STM32L4xx_HAL_Driver/Src/stm32l4xx_hal_gpio.o
 .debug_abbrev  0x00000d4a      0x1f9 ./Drivers/STM32L4xx_HAL_Driver/Src/stm32l4xx_hal_pwr_ex.o
 .debug_abbrev  0x00000f43      0x306 ./Drivers/STM32L4xx_HAL_Driver/Src/stm32l4xx_hal_rcc.o
 .debug_abbrev  0x00001249      0x276 ./Drivers/STM32L4xx_HAL_Driver/Src/stm32l4xx_hal_tim.o
 .debug_abbrev  0x000014bf      0x281 ./Drivers/STM32L4xx_HAL_Driver/Src/stm32l4xx_hal_tim_ex.o

.debug_aranges  0x00000000      0xb50
 .debug_aranges
                0x00000000       0x58 ./Core/Src/main.o
 .debug_aranges
                0x00000058       0x30 ./Core/Src/stm32l4xx_hal_msp.o
 .debug_aranges
                0x00000088       0x60 ./Core/Src/stm32l4xx_it.o
 .debug_aranges
                0x000000e8       0x28 ./Core/Src/system_stm32l4xx.o
 .debug_aranges
                0x00000110       0x28 ./Core/Startup/startup_stm32l4r5zitxp.o
 .debug_aranges
                0x00000138      0x130 ./Drivers/STM32L4xx_HAL_Driver/Src/stm32l4xx_hal.o
 .debug_aranges
                0x00000268      0x128 ./Drivers/STM32L4xx_HAL_Driver/Src/stm32l4xx_hal_cortex.o
 .debug_aranges
                0x00000390       0x58 ./Drivers/STM32L4xx_HAL_Driver/Src/stm32l4xx_hal_gpio.o
 .debug_aranges
                0x000003e8      0x170 ./Drivers/STM32L4xx_HAL_Driver/Src/stm32l4xx_hal_pwr_ex.o
 .debug_aranges
                0x00000558       0x98 ./Drivers/STM32L4xx_HAL_Driver/Src/stm32l4xx_hal_rcc.o
 .debug_aranges
                0x000005f0      0x3e0 ./Drivers/STM32L4xx_HAL_Driver/Src/stm32l4xx_hal_tim.o
 .debug_aranges
                0x000009d0      0x180 ./Drivers/STM32L4xx_HAL_Driver/Src/stm32l4xx_hal_tim_ex.o

.debug_rnglists
                0x00000000      0x8ba
 .debug_rnglists
                0x00000000       0x42 ./Core/Src/main.o
 .debug_rnglists
                0x00000042       0x20 ./Core/Src/stm32l4xx_hal_msp.o
 .debug_rnglists
                0x00000062       0x43 ./Core/Src/stm32l4xx_it.o
 .debug_rnglists
                0x000000a5       0x1a ./Core/Src/system_stm32l4xx.o
 .debug_rnglists
                0x000000bf       0x19 ./Core/Startup/startup_stm32l4r5zitxp.o
 .debug_rnglists
                0x000000d8       0xdf ./Drivers/STM32L4xx_HAL_Driver/Src/stm32l4xx_hal.o
 .debug_rnglists
                0x000001b7       0xda ./Drivers/STM32L4xx_HAL_Driver/Src/stm32l4xx_hal_cortex.o
 .debug_rnglists
                0x00000291       0x3f ./Drivers/STM32L4xx_HAL_Driver/Src/stm32l4xx_hal_gpio.o
 .debug_rnglists
                0x000002d0      0x115 ./Drivers/STM32L4xx_HAL_Driver/Src/stm32l4xx_hal_pwr_ex.o
 .debug_rnglists
                0x000003e5       0x74 ./Drivers/STM32L4xx_HAL_Driver/Src/stm32l4xx_hal_rcc.o
 .debug_rnglists
                0x00000459      0x328 ./Drivers/STM32L4xx_HAL_Driver/Src/stm32l4xx_hal_tim.o
 .debug_rnglists
                0x00000781      0x139 ./Drivers/STM32L4xx_HAL_Driver/Src/stm32l4xx_hal_tim_ex.o

.debug_macro    0x00000000    0x28803
 .debug_macro   0x00000000      0x1ca ./Core/Src/main.o
 .debug_macro   0x000001ca      0xab4 ./Core/Src/main.o
 .debug_macro   0x00000c7e      0x1a1 ./Core/Src/main.o
 .debug_macro   0x00000e1f       0x2e ./Core/Src/main.o
 .debug_macro   0x00000e4d       0x28 ./Core/Src/main.o
 .debug_macro   0x00000e75       0x22 ./Core/Src/main.o
 .debug_macro   0x00000e97       0x8e ./Core/Src/main.o
 .debug_macro   0x00000f25       0x51 ./Core/Src/main.o
 .debug_macro   0x00000f76      0x103 ./Core/Src/main.o
 .debug_macro   0x00001079       0x6a ./Core/Src/main.o
 .debug_macro   0x000010e3      0x1df ./Core/Src/main.o
 .debug_macro   0x000012c2       0x1c ./Core/Src/main.o
 .debug_macro   0x000012de       0x22 ./Core/Src/main.o
 .debug_macro   0x00001300       0xfb ./Core/Src/main.o
 .debug_macro   0x000013fb     0x1011 ./Core/Src/main.o
 .debug_macro   0x0000240c      0x11f ./Core/Src/main.o
 .debug_macro   0x0000252b    0x1cb71 ./Core/Src/main.o
 .debug_macro   0x0001f09c       0x6d ./Core/Src/main.o
 .debug_macro   0x0001f109     0x3902 ./Core/Src/main.o
 .debug_macro   0x00022a0b      0x189 ./Core/Src/main.o
 .debug_macro   0x00022b94       0x5c ./Core/Src/main.o
 .debug_macro   0x00022bf0     0x1884 ./Core/Src/main.o
 .debug_macro   0x00024474      0x7dc ./Core/Src/main.o
 .debug_macro   0x00024c50      0x1b9 ./Core/Src/main.o
 .debug_macro   0x00024e09      0x225 ./Core/Src/main.o
 .debug_macro   0x0002502e      0x486 ./Core/Src/main.o
 .debug_macro   0x000254b4      0x1ce ./Core/Src/main.o
 .debug_macro   0x00025682       0x43 ./Core/Src/main.o
 .debug_macro   0x000256c5      0x23d ./Core/Src/main.o
 .debug_macro   0x00025902      0x241 ./Core/Src/main.o
 .debug_macro   0x00025b43      0x416 ./Core/Src/main.o
 .debug_macro   0x00025f59       0x1c ./Core/Src/main.o
 .debug_macro   0x00025f75       0xf2 ./Core/Src/main.o
 .debug_macro   0x00026067      0x122 ./Core/Src/main.o
 .debug_macro   0x00026189      0x3f6 ./Core/Src/main.o
 .debug_macro   0x0002657f      0xa98 ./Core/Src/main.o
 .debug_macro   0x00027017      0x196 ./Core/Src/main.o
 .debug_macro   0x000271ad      0x432 ./Core/Src/main.o
 .debug_macro   0x000275df      0x1c4 ./Core/Src/stm32l4xx_hal_msp.o
 .debug_macro   0x000277a3      0x1ce ./Core/Src/stm32l4xx_it.o
 .debug_macro   0x00027971      0x1ba ./Core/Src/system_stm32l4xx.o
 .debug_macro   0x00027b2b      0x208 ./Drivers/STM32L4xx_HAL_Driver/Src/stm32l4xx_hal.o
 .debug_macro   0x00027d33      0x1ba ./Drivers/STM32L4xx_HAL_Driver/Src/stm32l4xx_hal_cortex.o
 .debug_macro   0x00027eed      0x1c1 ./Drivers/STM32L4xx_HAL_Driver/Src/stm32l4xx_hal_gpio.o
 .debug_macro   0x000280ae      0x1e4 ./Drivers/STM32L4xx_HAL_Driver/Src/stm32l4xx_hal_pwr_ex.o
 .debug_macro   0x00028292      0x1fc ./Drivers/STM32L4xx_HAL_Driver/Src/stm32l4xx_hal_rcc.o
 .debug_macro   0x0002848e      0x1bb ./Drivers/STM32L4xx_HAL_Driver/Src/stm32l4xx_hal_tim.o
 .debug_macro   0x00028649      0x1ba ./Drivers/STM32L4xx_HAL_Driver/Src/stm32l4xx_hal_tim_ex.o

.debug_line     0x00000000     0xbe87
 .debug_line    0x00000000      0xabb ./Core/Src/main.o
 .debug_line    0x00000abb      0x79f ./Core/Src/stm32l4xx_hal_msp.o
 .debug_line    0x0000125a      0x7f1 ./Core/Src/stm32l4xx_it.o
 .debug_line    0x00001a4b      0x7c9 ./Core/Src/system_stm32l4xx.o
 .debug_line    0x00002214       0x7a ./Core/Startup/startup_stm32l4r5zitxp.o
 .debug_line    0x0000228e      0xb24 ./Drivers/STM32L4xx_HAL_Driver/Src/stm32l4xx_hal.o
 .debug_line    0x00002db2      0xced ./Drivers/STM32L4xx_HAL_Driver/Src/stm32l4xx_hal_cortex.o
 .debug_line    0x00003a9f      0xb98 ./Drivers/STM32L4xx_HAL_Driver/Src/stm32l4xx_hal_gpio.o
 .debug_line    0x00004637      0xd8b ./Drivers/STM32L4xx_HAL_Driver/Src/stm32l4xx_hal_pwr_ex.o
 .debug_line    0x000053c2     0x1075 ./Drivers/STM32L4xx_HAL_Driver/Src/stm32l4xx_hal_rcc.o
 .debug_line    0x00006437     0x3e33 ./Drivers/STM32L4xx_HAL_Driver/Src/stm32l4xx_hal_tim.o
 .debug_line    0x0000a26a     0x1c1d ./Drivers/STM32L4xx_HAL_Driver/Src/stm32l4xx_hal_tim_ex.o

.debug_str      0x00000000    0xfd21b
 .debug_str     0x00000000    0xfa324 ./Core/Src/main.o
                              0xfa6aa (size before relaxing)
 .debug_str     0x000fa324       0x72 ./Core/Src/stm32l4xx_hal_msp.o
                              0xfa317 (size before relaxing)
 .debug_str     0x000fa396       0xc9 ./Core/Src/stm32l4xx_it.o
                              0xf9b56 (size before relaxing)
 .debug_str     0x000fa45f       0xf2 ./Core/Src/system_stm32l4xx.o
                              0xf9d03 (size before relaxing)
 .debug_str     0x000fa551       0x45 ./Core/Startup/startup_stm32l4r5zitxp.o
                                 0x6a (size before relaxing)
 .debug_str     0x000fa596      0xab6 ./Drivers/STM32L4xx_HAL_Driver/Src/stm32l4xx_hal.o
                              0xfa8d3 (size before relaxing)
 .debug_str     0x000fb04c      0x37c ./Drivers/STM32L4xx_HAL_Driver/Src/stm32l4xx_hal_cortex.o
                              0xfa594 (size before relaxing)
 .debug_str     0x000fb3c8      0x128 ./Drivers/STM32L4xx_HAL_Driver/Src/stm32l4xx_hal_gpio.o
                              0xf9e7d (size before relaxing)
 .debug_str     0x000fb4f0      0x57a ./Drivers/STM32L4xx_HAL_Driver/Src/stm32l4xx_hal_pwr_ex.o
                              0xfa2d6 (size before relaxing)
 .debug_str     0x000fba6a      0x3d2 ./Drivers/STM32L4xx_HAL_Driver/Src/stm32l4xx_hal_rcc.o
                              0xfa376 (size before relaxing)
 .debug_str     0x000fbe3c      0xe57 ./Drivers/STM32L4xx_HAL_Driver/Src/stm32l4xx_hal_tim.o
                              0xfb11f (size before relaxing)
 .debug_str     0x000fcc93      0x588 ./Drivers/STM32L4xx_HAL_Driver/Src/stm32l4xx_hal_tim_ex.o
                              0xfaa33 (size before relaxing)

.comment        0x00000000       0x43
 .comment       0x00000000       0x43 ./Core/Src/main.o
                                 0x44 (size before relaxing)
 .comment       0x00000043       0x44 ./Core/Src/stm32l4xx_hal_msp.o
 .comment       0x00000043       0x44 ./Core/Src/stm32l4xx_it.o
 .comment       0x00000043       0x44 ./Core/Src/system_stm32l4xx.o
 .comment       0x00000043       0x44 ./Drivers/STM32L4xx_HAL_Driver/Src/stm32l4xx_hal.o
 .comment       0x00000043       0x44 ./Drivers/STM32L4xx_HAL_Driver/Src/stm32l4xx_hal_cortex.o
 .comment       0x00000043       0x44 ./Drivers/STM32L4xx_HAL_Driver/Src/stm32l4xx_hal_gpio.o
 .comment       0x00000043       0x44 ./Drivers/STM32L4xx_HAL_Driver/Src/stm32l4xx_hal_pwr_ex.o
 .comment       0x00000043       0x44 ./Drivers/STM32L4xx_HAL_Driver/Src/stm32l4xx_hal_rcc.o
 .comment       0x00000043       0x44 ./Drivers/STM32L4xx_HAL_Driver/Src/stm32l4xx_hal_tim.o
 .comment       0x00000043       0x44 ./Drivers/STM32L4xx_HAL_Driver/Src/stm32l4xx_hal_tim_ex.o

.debug_frame    0x00000000     0x2ef4
 .debug_frame   0x00000000      0x128 ./Core/Src/main.o
 .debug_frame   0x00000128       0x80 ./Core/Src/stm32l4xx_hal_msp.o
 .debug_frame   0x000001a8      0x104 ./Core/Src/stm32l4xx_it.o
 .debug_frame   0x000002ac       0x58 ./Core/Src/system_stm32l4xx.o
 .debug_frame   0x00000304      0x498 ./Drivers/STM32L4xx_HAL_Driver/Src/stm32l4xx_hal.o
 .debug_frame   0x0000079c      0x4e8 ./Drivers/STM32L4xx_HAL_Driver/Src/stm32l4xx_hal_cortex.o
 .debug_frame   0x00000c84      0x14c ./Drivers/STM32L4xx_HAL_Driver/Src/stm32l4xx_hal_gpio.o
 .debug_frame   0x00000dd0      0x5c4 ./Drivers/STM32L4xx_HAL_Driver/Src/stm32l4xx_hal_pwr_ex.o
 .debug_frame   0x00001394      0x248 ./Drivers/STM32L4xx_HAL_Driver/Src/stm32l4xx_hal_rcc.o
 .debug_frame   0x000015dc     0x121c ./Drivers/STM32L4xx_HAL_Driver/Src/stm32l4xx_hal_tim.o
 .debug_frame   0x000027f8      0x6b0 ./Drivers/STM32L4xx_HAL_Driver/Src/stm32l4xx_hal_tim_ex.o
 .debug_frame   0x00002ea8       0x20 C:/ST/STM32CubeIDE_1.16.0/STM32CubeIDE/plugins/com.st.stm32cube.ide.mcu.externaltools.gnu-tools-for-stm32.12.3.rel1.win32_1.1.0.202410251130/tools/bin/../lib/gcc/arm-none-eabi/12.3.1/../../../../arm-none-eabi/lib/thumb/v7e-m+fp/hard\libc_nano.a(libc_a-memset.o)
 .debug_frame   0x00002ec8       0x2c C:/ST/STM32CubeIDE_1.16.0/STM32CubeIDE/plugins/com.st.stm32cube.ide.mcu.externaltools.gnu-tools-for-stm32.12.3.rel1.win32_1.1.0.202410251130/tools/bin/../lib/gcc/arm-none-eabi/12.3.1/../../../../arm-none-eabi/lib/thumb/v7e-m+fp/hard\libc_nano.a(libc_a-init.o)

.debug_line_str
                0x00000000       0x4e
 .debug_line_str
                0x00000000       0x4e ./Core/Startup/startup_stm32l4r5zitxp.o
